// Jest Snapshot v1, https://goo.gl/fbAQLP

exports[`Header renders correctly 1`] = `
<header
  className="Header__Head-s11unpcf-0 futdVf"
>
  <div>
    <img
      alt="logo"
      src="http://www.buctwbzs.com/static/images/personal-website/logo.jpg"
    />
  </div>
  <div>
    <a
      href="https://blog.buctwbzs.com"
      target="_blank"
    >
      Blog
    </a>
  </div>
</header>
`;
